[htmlstream.com/unify/index.html]
[backblue.gif]
[fade.gif]
[index.html]
[htmlstream.com/unify/favicon.ico]
[htmlstream.com/unify/landing-business.html]
[htmlstream.com/unify/landing-consulting.html]
[htmlstream.com/unify/landing-saas.html]
[htmlstream.com/unify/landing-services.html]
[htmlstream.com/unify/page-about.html]
[htmlstream.com/unify/page-customer-stories.html]
[htmlstream.com/unify/page-customer-story.html]
[htmlstream.com/unify/page-help-center.html]
[htmlstream.com/unify/page-help-center-categories.html]
[htmlstream.com/unify/page-help-center-article.html]
[htmlstream.com/unify/page-careers.html]
[htmlstream.com/unify/page-careers-role-overview.html]
[htmlstream.com/unify/page-careers-apply.html]
[htmlstream.com/unify/page-hire-us.html]
[htmlstream.com/unify/page-login.html]
[htmlstream.com/unify/page-signup.html]
[htmlstream.com/unify/page-reset-password.html]
[htmlstream.com/unify/portfolio-modern.html]
[htmlstream.com/unify/portfolio-case-study.html]
[htmlstream.com/unify/page-pricing.html]
[htmlstream.com/unify/page-contacts.html]
[htmlstream.com/unify/page-coming-soon.html]
[htmlstream.com/unify/page-coming-soon-simple.html]
[htmlstream.com/unify/page-error-404.html]
[htmlstream.com/unify/page-terms.html]
[htmlstream.com/unify/page-privacy.html]
[htmlstream.com/unify/documentation/index.html]
[htmlstream.com/unify/snippets/index.html]
[htmlstream.com/unify/blog-modern.html]
[htmlstream.com/unify/blog-grid.html]
[htmlstream.com/unify/blog-list.html]
[htmlstream.com/unify/blog-article.html]
[htmlstream.com/unify/blog-author-profile.html]
[htmlstream.com/unify/assets/img/950x950/img1.jpg]
[htmlstream.com/unify/assets/img/160x160/img10.jpg]
[htmlstream.com/unify/assets/img/160x160/img3.jpg]
[htmlstream.com/unify/assets/img/580x480/img1.jpg]
[htmlstream.com/unify/assets/img/350x700/img1.jpg]
[htmlstream.com/unify/assets/img/400x700/img1.jpg]
[htmlstream.com/unify/assets/img/950x950/img2.jpg]
[htmlstream.com/unify/assets/img/580x480/img2.jpg]
[htmlstream.com/unify/assets/img/580x480/img3.jpg]
[htmlstream.com/unify/assets/js/vendor.min.js]
[htmlstream.com/unify/assets/js/theme.min.js]
[htmlstream.com/unify/index.html]
[htmlstream.com/unify/assets/css/fonts/bootstrap-iconsd862.woff2]
[htmlstream.com/unify/assets/css/fonts/bootstrap-iconsd862.woff]
[htmlstream.com/unify/assets/css/vendor.min.css]
[htmlstream.com/unify/assets/css/theme.minc619.css]
[htmlstream.com/unify/assets/svg/logos/logo.svg]
[htmlstream.com/unify/assets/img/160x160/img9.jpg]
[htmlstream.com/unify/assets/img/160x160/img8.jpg]
[htmlstream.com/unify/assets/img/500x650/img1.jpg]
[htmlstream.com/unify/assets/img/mockups/img4.png]
[htmlstream.com/unify/assets/img/500x650/img2.jpg]
[htmlstream.com/unify/assets/img/mockups/img5.png]
[htmlstream.com/unify/assets/img/500x650/img3.jpg]
[htmlstream.com/unify/assets/img/mockups/img6.png]
[htmlstream.com/unify/assets/img/500x650/img4.jpg]
[htmlstream.com/unify/landing-business.html]
[htmlstream.com/unify/assets/img/280x560/img1.jpg]
[htmlstream.com/unify/assets/img/1618x1010/img1.jpg]
[htmlstream.com/unify/landing-consulting.html]
[htmlstream.com/unify/assets/img/mockups/img1.png]
[htmlstream.com/unify/assets/img/mockups/img2.png]
[htmlstream.com/unify/assets/img/mockups/img3.png]
[htmlstream.com/unify/assets/img/900x600/img1.jpg]
[htmlstream.com/unify/assets/img/160x160/img5.jpg]
[htmlstream.com/unify/landing-saas.html]
[htmlstream.com/unify/assets/img/950x950/img4.jpg]
[htmlstream.com/unify/assets/img/950x950/img5.jpg]
[htmlstream.com/unify/assets/img/mockups/img7.png]
[htmlstream.com/unify/assets/img/mockups/img8.png]
[htmlstream.com/unify/assets/img/350x700/img2.jpg]
[htmlstream.com/unify/assets/img/400x700/img2.jpg]
[htmlstream.com/unify/assets/img/500x650/img5.jpg]
[htmlstream.com/unify/assets/img/160x160/img7.jpg]
[htmlstream.com/unify/assets/img/160x160/img6.jpg]
[htmlstream.com/unify/assets/img/580x480/img4.jpg]
[htmlstream.com/unify/landing-services.html]
[htmlstream.com/unify/assets/img/1920x1080/img11.jpg]
[htmlstream.com/unify/assets/img/580x480/img5.jpg]
[htmlstream.com/unify/assets/img/950x950/img3.jpg]
[htmlstream.com/unify/assets/img/350x350/img4.jpg]
[htmlstream.com/unify/assets/img/350x350/img5.jpg]
[htmlstream.com/unify/assets/img/350x350/img9.jpg]
[htmlstream.com/unify/assets/img/350x350/img7.jpg]
[htmlstream.com/unify/assets/img/350x350/img8.jpg]
[htmlstream.com/unify/assets/img/350x350/img6.jpg]
[htmlstream.com/unify/assets/img/350x350/img1.jpg]
[htmlstream.com/unify/assets/img/350x350/img2.jpg]
[htmlstream.com/unify/assets/img/350x350/img3.jpg]
[htmlstream.com/unify/page-about.html]
[htmlstream.com/unify/assets/img/950x950/img8.jpg]
[htmlstream.com/unify/assets/img/580x480/img8.jpg]
[htmlstream.com/unify/assets/img/580x480/img9.jpg]
[htmlstream.com/unify/assets/img/580x480/img10.jpg]
[htmlstream.com/unify/assets/img/950x950/img9.jpg]
[htmlstream.com/unify/assets/img/580x480/img12.jpg]
[htmlstream.com/unify/assets/img/580x480/img6.jpg]
[htmlstream.com/unify/assets/img/580x480/img13.jpg]
[htmlstream.com/unify/assets/img/950x950/img7.jpg]
[htmlstream.com/unify/assets/img/580x480/img7.jpg]
[htmlstream.com/unify/assets/img/580x480/img11.jpg]
[htmlstream.com/unify/page-customer-stories.html]
[htmlstream.com/unify/assets/img/1920x800/img1.jpg]
[htmlstream.com/unify/assets/img/900x600/img2.jpg]
[htmlstream.com/unify/page-customer-story.html]
[htmlstream.com/unify/page-help-center.html]
[htmlstream.com/unify/page-help-center-categories.html]
[htmlstream.com/unify/page-help-center-article.html]
[htmlstream.com/unify/assets/img/1920x800/img2.jpg]
[htmlstream.com/unify/assets/img/others/img1.png]
[htmlstream.com/unify/assets/img/others/img2.png]
[htmlstream.com/unify/page-careers.html]
[htmlstream.com/unify/page-careers-role-overview.html]
[htmlstream.com/unify/page-careers-apply.html]
[htmlstream.com/unify/page-hire-us.html]
[htmlstream.com/unify/page-login.html]
[htmlstream.com/unify/page-signup.html]
[htmlstream.com/unify/page-reset-password.html]
[htmlstream.com/unify/assets/img/1920x1080/img4.jpg]
[htmlstream.com/unify/assets/img/1920x1080/img5.jpg]
[htmlstream.com/unify/assets/img/1920x1080/img6.jpg]
[htmlstream.com/unify/assets/img/1920x1080/img7.jpg]
[htmlstream.com/unify/assets/img/580x480/img23.jpg]
[htmlstream.com/unify/assets/img/580x480/img22.jpg]
[htmlstream.com/unify/assets/img/580x480/img21.jpg]
[htmlstream.com/unify/assets/img/580x480/img20.jpg]
[htmlstream.com/unify/assets/img/580x480/img19.jpg]
[htmlstream.com/unify/assets/img/580x480/img24.jpg]
[htmlstream.com/unify/portfolio-modern.html]
[htmlstream.com/unify/assets/img/1920x1080/img8.jpg]
[htmlstream.com/unify/assets/img/580x480/img25.jpg]
[htmlstream.com/unify/assets/img/580x480/img26.jpg]
[htmlstream.com/unify/assets/img/1920x1080/img9.jpg]
[htmlstream.com/unify/assets/img/580x480/img27.jpg]
[htmlstream.com/unify/assets/img/580x480/img28.jpg]
[htmlstream.com/unify/assets/img/1920x1080/img10.jpg]
[htmlstream.com/unify/portfolio-case-study.html]
[htmlstream.com/unify/page-pricing.html]
[htmlstream.com/unify/page-contacts.html]
[htmlstream.com/unify/assets/img/280x560/img2.jpg]
[htmlstream.com/unify/page-coming-soon.html]
[htmlstream.com/unify/page-coming-soon-simple.html]
[htmlstream.com/unify/page-error-404.html]
[htmlstream.com/unify/page-terms.html]
[htmlstream.com/unify/page-privacy.html]
[htmlstream.com/unify/documentation/changelog.html]
[htmlstream.com/unify/documentation/getting-started.html]
[htmlstream.com/unify/documentation/gulp.html]
[htmlstream.com/unify/documentation/customization.html]
[htmlstream.com/unify/documentation/credits.html]
[htmlstream.com/unify/documentation/bs-icons.html]
[htmlstream.com/unify/documentation/accordion.html]
[htmlstream.com/unify/documentation/alerts.html]
[htmlstream.com/unify/documentation/avatars.html]
[htmlstream.com/unify/documentation/badge.html]
[htmlstream.com/unify/documentation/breadcrumb.html]
[htmlstream.com/unify/documentation/buttons.html]
[htmlstream.com/unify/documentation/cards.html]
[htmlstream.com/unify/documentation/collapse.html]
[htmlstream.com/unify/documentation/column-divider.html]
[htmlstream.com/unify/documentation/devices.html]
[htmlstream.com/unify/documentation/divider.html]
[htmlstream.com/unify/documentation/dropdowns.html]
[htmlstream.com/unify/documentation/list-group.html]
[htmlstream.com/unify/documentation/lists.html]
[htmlstream.com/unify/documentation/modal.html]
[htmlstream.com/unify/documentation/offcanvas.html]
[htmlstream.com/unify/documentation/pagination.html]
[htmlstream.com/unify/documentation/popovers.html]
[htmlstream.com/unify/documentation/progress.html]
[htmlstream.com/unify/documentation/shapes.html]
[htmlstream.com/unify/documentation/sliding-img.html]
[htmlstream.com/unify/documentation/spinners.html]
[htmlstream.com/unify/documentation/steps.html]
[htmlstream.com/unify/documentation/tab.html]
[htmlstream.com/unify/documentation/tables.html]
[htmlstream.com/unify/documentation/toasts.html]
[htmlstream.com/unify/documentation/tooltips.html]
[htmlstream.com/unify/documentation/typography.html]
[htmlstream.com/unify/documentation/navbar.html]
[htmlstream.com/unify/documentation/navs.html]
[htmlstream.com/unify/documentation/mega-menu.html]
[htmlstream.com/unify/documentation/scrollspy.html]
[htmlstream.com/unify/documentation/basic-forms.html]
[htmlstream.com/unify/documentation/checks-and-switches.html]
[htmlstream.com/unify/documentation/input-group.html]
[htmlstream.com/unify/documentation/fslightbox.html]
[htmlstream.com/unify/documentation/swiper.html]
[htmlstream.com/unify/documentation/sticky-block.html]
[htmlstream.com/unify/documentation/countdown.html]
[htmlstream.com/unify/documentation/video-bg.html]
[htmlstream.com/unify/documentation/go-to.html]
[htmlstream.com/unify/documentation/backgrounds.html]
[htmlstream.com/unify/documentation/borders.html]
[htmlstream.com/unify/documentation/colors.html]
[htmlstream.com/unify/documentation/links.html]
[htmlstream.com/unify/documentation/position.html]
[htmlstream.com/unify/documentation/shadows.html]
[htmlstream.com/unify/documentation/sizing.html]
[htmlstream.com/unify/documentation/spacing.html]
[htmlstream.com/unify/documentation/z-index.html]
[htmlstream.com/unify/documentation/index.html]
[htmlstream.com/unify/assets/svg/components/card-1.svg]
[htmlstream.com/unify/snippets/navbar.html]
[htmlstream.com/unify/snippets/hero-sections.html]
[htmlstream.com/unify/snippets/features-general.html]
[htmlstream.com/unify/snippets/features-stats.html]
[htmlstream.com/unify/snippets/features-step.html]
[htmlstream.com/unify/snippets/features-navs.html]
[htmlstream.com/unify/snippets/icon-blocks.html]
[htmlstream.com/unify/snippets/cards-grid.html]
[htmlstream.com/unify/snippets/cards-list.html]
[htmlstream.com/unify/snippets/testimonials.html]
[htmlstream.com/unify/snippets/pricing.html]
[htmlstream.com/unify/snippets/team-sections.html]
[htmlstream.com/unify/snippets/cta.html]
[htmlstream.com/unify/snippets/gallery.html]
[htmlstream.com/unify/snippets/clients.html]
[htmlstream.com/unify/snippets/faq.html]
[htmlstream.com/unify/snippets/comments.html]
[htmlstream.com/unify/snippets/user-profile.html]
[htmlstream.com/unify/snippets/sidebar-examples.html]
[htmlstream.com/unify/snippets/content-sections.html]
[htmlstream.com/unify/snippets/form-layouts-authentication.html]
[htmlstream.com/unify/snippets/form-layouts-feedback.html]
[htmlstream.com/unify/snippets/form-layouts-filters.html]
[htmlstream.com/unify/snippets/form-layouts-search.html]
[htmlstream.com/unify/snippets/form-layouts-subscribe.html]
[htmlstream.com/unify/snippets/contact-sections.html]
[htmlstream.com/unify/snippets/footer.html]
[htmlstream.com/unify/snippets/index.html]
[htmlstream.com/unify/assets/svg/components/card-2.svg]
[htmlstream.com/unify/assets/img/1920x1080/img1.jpg]
[htmlstream.com/unify/assets/img/1920x1080/img12.jpg]
[htmlstream.com/unify/assets/img/1920x1080/img3.jpg]
[htmlstream.com/unify/assets/img/160x160/img4.jpg]
[htmlstream.com/unify/assets/img/400x500/img7.jpg]
[htmlstream.com/unify/assets/img/400x500/img5.jpg]
[htmlstream.com/unify/assets/img/400x500/img2.jpg]
[htmlstream.com/unify/assets/img/400x500/img4.jpg]
[htmlstream.com/unify/assets/img/400x500/img6.jpg]
[htmlstream.com/unify/assets/img/900x450/img1.jpg]
[htmlstream.com/unify/assets/img/400x500/img3.jpg]
[htmlstream.com/unify/assets/img/400x500/img1.jpg]
[htmlstream.com/unify/assets/img/320x320/img1.jpg]
[htmlstream.com/unify/assets/img/320x320/img2.jpg]
[htmlstream.com/unify/assets/img/320x320/img3.jpg]
[htmlstream.com/unify/blog-modern.html]
[htmlstream.com/unify/assets/img/950x950/img6.jpg]
[htmlstream.com/unify/assets/img/580x480/img14.jpg]
[htmlstream.com/unify/assets/img/580x480/img15.jpg]
[htmlstream.com/unify/assets/img/580x480/img18.jpg]
[htmlstream.com/unify/assets/img/580x480/img17.jpg]
[htmlstream.com/unify/assets/img/580x480/img16.jpg]
[htmlstream.com/unify/blog-grid.html]
[htmlstream.com/unify/blog-list.html]
[htmlstream.com/unify/assets/img/1920x1080/img2.jpg]
[htmlstream.com/unify/blog-article.html]
[htmlstream.com/unify/blog-author-profile.html]
[htmlstream.com/unify/assets/svg/illustrations/cubics.svg]
[htmlstream.com/unify/assets/svg/brands/mailchimp-dark.svg]
[htmlstream.com/unify/assets/svg/brands/sass-dark.svg]
[htmlstream.com/unify/assets/svg/brands/forbes-dark.svg]
[htmlstream.com/unify/assets/svg/brands/gitlab-dark.svg]
[htmlstream.com/unify/assets/svg/brands/hubspot-dark.svg]
[htmlstream.com/unify/assets/vendor/flag-icon-css/flags/1x1/us.svg]
[htmlstream.com/unify/assets/vendor/flag-icon-css/flags/1x1/de.svg]
[htmlstream.com/unify/assets/vendor/flag-icon-css/flags/1x1/es.svg]
[htmlstream.com/unify/assets/svg/components/three-arrows-1.svg]
[htmlstream.com/unify/assets/svg/components/three-arrows-2.svg]
[htmlstream.com/unify/assets/svg/components/dots-success.svg]
[htmlstream.com/unify/assets/svg/components/dots-warning.svg]
[htmlstream.com/unify/assets/svg/components/dots.svg]
[htmlstream.com/unify/assets/svg/components/pointer-up.svg]
[htmlstream.com/unify/assets/svg/components/curved-shape.svg]
[htmlstream.com/unify/assets/svg/brands/google-icon.svg]
[htmlstream.com/unify/assets/svg/illustrations/star.svg]
[htmlstream.com/unify/assets/svg/brands/business-insider-dark.svg]
[htmlstream.com/unify/assets/svg/illustrations/star-half.svg]
[htmlstream.com/unify/assets/svg/brands/capsule-dark.svg]
[htmlstream.com/unify/assets/svg/brands/fitbit-dark.svg]
[htmlstream.com/unify/assets/svg/components/card-3.svg]
[htmlstream.com/unify/assets/svg/components/wave-pattern-light.svg]
[htmlstream.com/unify/assets/svg/components/wave-pattern-2-light.svg]
[htmlstream.com/unify/assets/svg/illustrations/plane.svg]
[htmlstream.com/unify/assets/svg/brands/google-dark.svg]
[htmlstream.com/unify/assets/svg/brands/amazon-dark.svg]
[htmlstream.com/unify/assets/svg/brands/kaplan-dark.svg]
[htmlstream.com/unify/assets/svg/brands/airbnb-dark.svg]
[htmlstream.com/unify/assets/svg/brands/shopify-dark.svg]
[htmlstream.com/unify/assets/svg/brands/vidados-dark.svg]
[htmlstream.com/unify/assets/svg/components/card-11.svg]
[htmlstream.com/unify/assets/svg/brands/jira-icon.svg]
[htmlstream.com/unify/assets/svg/brands/asana-icon.svg]
[htmlstream.com/unify/assets/svg/brands/slack-icon.svg]
[htmlstream.com/unify/assets/svg/brands/dropbox-icon.svg]
[htmlstream.com/unify/assets/svg/components/plus-icon.svg]
[htmlstream.com/unify/assets/svg/components/three-arrows-1-light.svg]
[htmlstream.com/unify/assets/svg/brands/google-adz-icon.svg]
[htmlstream.com/unify/assets/svg/brands/behance-icon.svg]
[htmlstream.com/unify/assets/svg/brands/layar-dark.svg]
[htmlstream.com/unify/assets/svg/components/card-7.svg]
[htmlstream.com/unify/assets/svg/components/card-8.svg]
[htmlstream.com/unify/assets/svg/components/card-10.svg]
[htmlstream.com/unify/assets/svg/components/card-9.svg]
[htmlstream.com/unify/assets/svg/brands/capsule-gray.svg]
[htmlstream.com/unify/assets/svg/brands/gitlab-gray.svg]
[htmlstream.com/unify/assets/svg/brands/fitbit-gray.svg]
[htmlstream.com/unify/assets/svg/brands/sass-gray.svg]
[htmlstream.com/unify/assets/svg/illustrations/grid-grey.svg]
[htmlstream.com/unify/assets/svg/logos/logo-white.svg]
[htmlstream.com/unify/assets/svg/components/wave-pattern.svg]
[htmlstream.com/unify/assets/css/docs.css]
[htmlstream.com/unify/documentation/changelog.html]
[htmlstream.com/unify/assets/svg/illustrations/oc-error.svg]
[htmlstream.com/unify/snippets/navbar-with-topbar.html]
[htmlstream.com/unify/documentation/getting-started.html]
[htmlstream.com/unify/documentation/gulp.html]
[htmlstream.com/unify/documentation/customization.html]
[htmlstream.com/unify/documentation/credits.html]
[htmlstream.com/unify/documentation/bs-icons.html]
[htmlstream.com/unify/documentation/accordion.html]
[htmlstream.com/unify/documentation/alerts.html]
[htmlstream.com/unify/assets/img/documentation/img1.jpg]
[htmlstream.com/unify/documentation/avatars.html]
[htmlstream.com/unify/documentation/badge.html]
[htmlstream.com/unify/documentation/breadcrumb.html]
[htmlstream.com/unify/documentation/buttons.html]
[htmlstream.com/unify/assets/img/documentation/img8.jpg]
[htmlstream.com/unify/assets/img/documentation/img2.jpg]
[htmlstream.com/unify/assets/img/documentation/img3.jpg]
[htmlstream.com/unify/documentation/cards.html]
[htmlstream.com/unify/documentation/collapse.html]
[htmlstream.com/unify/documentation/column-divider.html]
[htmlstream.com/unify/documentation/devices.html]
[htmlstream.com/unify/documentation/divider.html]
[htmlstream.com/unify/documentation/dropdowns.html]
[htmlstream.com/unify/documentation/list-group.html]
[htmlstream.com/unify/documentation/lists.html]
[htmlstream.com/unify/documentation/modal.html]
[htmlstream.com/unify/documentation/offcanvas.html]
[htmlstream.com/unify/documentation/pagination.html]
[htmlstream.com/unify/documentation/popovers.html]
[htmlstream.com/unify/documentation/progress.html]
[htmlstream.com/unify/assets/img/documentation/img7.jpg]
[htmlstream.com/unify/documentation/shapes.html]
[htmlstream.com/unify/documentation/sliding-img.html]
[htmlstream.com/unify/documentation/spinners.html]
[htmlstream.com/unify/documentation/steps.html]
[htmlstream.com/unify/documentation/tab.html]
[htmlstream.com/unify/documentation/tables.html]
[htmlstream.com/unify/documentation/toasts.html]
[htmlstream.com/unify/documentation/tooltips.html]
[htmlstream.com/unify/documentation/typography.html]
[htmlstream.com/unify/documentation/navbar.html]
[htmlstream.com/unify/documentation/navs.html]
[htmlstream.com/unify/documentation/mega-menu.html]
[htmlstream.com/unify/documentation/scrollspy.html]
[htmlstream.com/unify/documentation/basic-forms.html]
[htmlstream.com/unify/documentation/checks-and-switches.html]
[htmlstream.com/unify/documentation/input-group.html]
[htmlstream.com/unify/assets/img/documentation/img1-lg.jpg]
[htmlstream.com/unify/assets/img/documentation/img2-lg.jpg]
[htmlstream.com/unify/assets/img/documentation/img3-lg.jpg]
[htmlstream.com/unify/assets/video/our-business-is-growing.mp4]
[htmlstream.com/unify/assets/video/our-business-is-growing.jpg]
[htmlstream.com/unify/documentation/fslightbox.html]
[htmlstream.com/unify/assets/img/documentation/img4-lg.jpg]
[htmlstream.com/unify/assets/img/documentation/img5-lg.jpg]
[htmlstream.com/unify/assets/img/documentation/img6-lg.jpg]
[htmlstream.com/unify/documentation/swiper.html]
[htmlstream.com/unify/documentation/sticky-block.html]
[htmlstream.com/unify/documentation/countdown.html]
[htmlstream.com/unify/documentation/video-bg.html]
[htmlstream.com/unify/documentation/go-to.html]
[htmlstream.com/unify/documentation/backgrounds.html]
[htmlstream.com/unify/assets/img/160x160/img1.jpg]
[htmlstream.com/unify/documentation/borders.html]
[htmlstream.com/unify/documentation/colors.html]
[htmlstream.com/unify/documentation/links.html]
[htmlstream.com/unify/documentation/position.html]
[htmlstream.com/unify/documentation/shadows.html]
[htmlstream.com/unify/documentation/sizing.html]
[htmlstream.com/unify/documentation/spacing.html]
[htmlstream.com/unify/documentation/z-index.html]
[htmlstream.com/unify/assets/svg/illustrations/oc-project-development.svg]
[htmlstream.com/unify/assets/svg/design-system/docs-bs-icons.svg]
[htmlstream.com/unify/assets/svg/design-system/docs-accordion.svg]
[htmlstream.com/unify/assets/svg/design-system/docs-alerts.svg]
[htmlstream.com/unify/assets/svg/design-system/docs-avatars.svg]
[htmlstream.com/unify/assets/svg/design-system/docs-badge.svg]
[htmlstream.com/unify/assets/svg/design-system/docs-breadcrumb.svg]
[htmlstream.com/unify/assets/svg/design-system/docs-buttons.svg]
[htmlstream.com/unify/assets/svg/design-system/docs-cards.svg]
[htmlstream.com/unify/assets/svg/design-system/docs-collapse.svg]
[htmlstream.com/unify/assets/svg/design-system/docs-column-divider.svg]
[htmlstream.com/unify/assets/svg/design-system/docs-devices.svg]
[htmlstream.com/unify/assets/svg/design-system/docs-divider.svg]
[htmlstream.com/unify/assets/svg/design-system/docs-dropdowns.svg]
[htmlstream.com/unify/assets/svg/design-system/docs-list-group.svg]
[htmlstream.com/unify/assets/svg/design-system/docs-lists.svg]
[htmlstream.com/unify/assets/svg/design-system/docs-modal.svg]
[htmlstream.com/unify/assets/svg/design-system/docs-offcanvas.svg]
[htmlstream.com/unify/assets/svg/design-system/docs-pagination.svg]
[htmlstream.com/unify/assets/svg/design-system/docs-popovers.svg]
[htmlstream.com/unify/assets/svg/design-system/docs-progress.svg]
[htmlstream.com/unify/assets/svg/design-system/docs-shapes.svg]
[htmlstream.com/unify/assets/svg/design-system/docs-sliding-img.svg]
[htmlstream.com/unify/assets/svg/design-system/docs-spinners.svg]
[htmlstream.com/unify/assets/svg/design-system/docs-steps.svg]
[htmlstream.com/unify/assets/svg/design-system/docs-tab.svg]
[htmlstream.com/unify/assets/svg/design-system/docs-tables.svg]
[htmlstream.com/unify/assets/svg/design-system/docs-toasts.svg]
[htmlstream.com/unify/assets/svg/design-system/docs-tooltips.svg]
[htmlstream.com/unify/assets/svg/design-system/docs-typography.svg]
[htmlstream.com/unify/assets/svg/design-system/docs-navbar.svg]
[htmlstream.com/unify/assets/svg/design-system/docs-navs.svg]
[htmlstream.com/unify/assets/svg/design-system/docs-mega-menu.svg]
[htmlstream.com/unify/assets/svg/design-system/docs-scrollspy.svg]
[htmlstream.com/unify/assets/svg/design-system/docs-basic-forms.svg]
[htmlstream.com/unify/assets/svg/design-system/docs-checks-and-switches.svg]
[htmlstream.com/unify/assets/svg/design-system/docs-input-group.svg]
[htmlstream.com/unify/assets/svg/design-system/docs-fslightbox.svg]
[htmlstream.com/unify/assets/svg/design-system/docs-swiper.svg]
[htmlstream.com/unify/assets/svg/design-system/docs-sticky-block.svg]
[htmlstream.com/unify/assets/svg/design-system/docs-countdown.svg]
[htmlstream.com/unify/assets/svg/design-system/docs-go-to.svg]
[htmlstream.com/unify/assets/css/snippets.css]
[htmlstream.com/unify/snippets/navbar-default.html]
[htmlstream.com/unify/snippets/navbar-bs-only-dropdowns.html]
[htmlstream.com/unify/snippets/navbar-transparent.html]
[htmlstream.com/unify/snippets/navbar-light.html]
[htmlstream.com/unify/snippets/navbar-absolute-top.html]
[htmlstream.com/unify/snippets/navbar-absolute-top-light.html]
[htmlstream.com/unify/snippets/navbar-absolute-top-slide.html]
[htmlstream.com/unify/snippets/navbar-absolute-top-light-slide.html]
[htmlstream.com/unify/snippets/navbar-sticky-top.html]
[htmlstream.com/unify/snippets/navbar-sticky-top-light.html]
[htmlstream.com/unify/snippets/navbar-sticky-top-toggle.html]
[htmlstream.com/unify/snippets/navbar-sticky-top-light-toggle.html]
[htmlstream.com/unify/snippets/navbar-left-aligned.html]
[htmlstream.com/unify/snippets/navbar-right-aligned.html]
[htmlstream.com/unify/snippets/navbar-on-hover.html]
[htmlstream.com/unify/snippets/navbar.html]
[htmlstream.com/unify/snippets/navbar-on-click.html]
[htmlstream.com/unify/snippets/hero-landing-corporate.html]
[htmlstream.com/unify/assets/img/950x455/img1.jpg]
[htmlstream.com/unify/snippets/hero-landing-business.html]
[htmlstream.com/unify/assets/img/950x455/img2.jpg]
[htmlstream.com/unify/snippets/hero-landing-consulting.html]
[htmlstream.com/unify/assets/img/950x455/img3.jpg]
[htmlstream.com/unify/snippets/hero-landing-saas.html]
[htmlstream.com/unify/assets/img/950x455/img4.jpg]
[htmlstream.com/unify/snippets/hero-landing-services.html]
[htmlstream.com/unify/assets/img/950x455/img5.jpg]
[htmlstream.com/unify/snippets/hero-page-about.html]
[htmlstream.com/unify/assets/img/950x455/img6.jpg]
[htmlstream.com/unify/snippets/hero-page-customer-story.html]
[htmlstream.com/unify/assets/img/950x455/img7.jpg]
[htmlstream.com/unify/snippets/hero-page-help-center.html]
[htmlstream.com/unify/assets/img/950x455/img8.jpg]
[htmlstream.com/unify/snippets/hero-page-careers.html]
[htmlstream.com/unify/assets/img/950x455/img9.jpg]
[htmlstream.com/unify/snippets/hero-page-hire-us.html]
[htmlstream.com/unify/assets/img/950x455/img10.jpg]
[htmlstream.com/unify/snippets/hero-page-coming-soon.html]
[htmlstream.com/unify/assets/img/950x455/img11.jpg]
[htmlstream.com/unify/snippets/hero-portfolio-modern.html]
[htmlstream.com/unify/assets/img/950x455/img12.jpg]
[htmlstream.com/unify/snippets/hero-portfolio-case-study.html]
[htmlstream.com/unify/assets/img/950x455/img13.jpg]
[htmlstream.com/unify/snippets/hero-blog-modern.html]
[htmlstream.com/unify/assets/img/950x455/img14.jpg]
[htmlstream.com/unify/snippets/hero-blog-article.html]
[htmlstream.com/unify/assets/img/950x455/img15.jpg]
[htmlstream.com/unify/snippets/hero-sections.html]
[htmlstream.com/unify/snippets/features-general.html]
[htmlstream.com/unify/snippets/features-stats.html]
[htmlstream.com/unify/snippets/features-step.html]
[htmlstream.com/unify/snippets/features-navs.html]
[htmlstream.com/unify/snippets/icon-blocks.html]
[htmlstream.com/unify/snippets/cards-grid.html]
[htmlstream.com/unify/snippets/cards-list.html]
[htmlstream.com/unify/snippets/testimonials.html]
[htmlstream.com/unify/snippets/pricing.html]
[htmlstream.com/unify/snippets/team-sections.html]
[htmlstream.com/unify/snippets/cta.html]
[htmlstream.com/unify/snippets/gallery.html]
[htmlstream.com/unify/snippets/clients.html]
[htmlstream.com/unify/snippets/faq.html]
[htmlstream.com/unify/snippets/comments.html]
[htmlstream.com/unify/snippets/user-profile.html]
[htmlstream.com/unify/snippets/sidebar-examples.html]
[htmlstream.com/unify/snippets/content-sections.html]
[htmlstream.com/unify/snippets/form-layouts-authentication.html]
[htmlstream.com/unify/snippets/form-layouts-feedback.html]
[htmlstream.com/unify/snippets/form-layouts-filters.html]
[htmlstream.com/unify/snippets/form-layouts-search.html]
[htmlstream.com/unify/snippets/form-layouts-subscribe.html]
[htmlstream.com/unify/snippets/contact-sections.html]
[htmlstream.com/unify/snippets/footer.html]
[htmlstream.com/unify/assets/svg/illustrations/oc-building-apps.svg]
[htmlstream.com/unify/assets/svg/design-system/snippets-navbar.svg]
[htmlstream.com/unify/assets/svg/design-system/snippets-hero-sections.svg]
[htmlstream.com/unify/assets/svg/design-system/snippets-features-general.svg]
[htmlstream.com/unify/assets/svg/design-system/snippets-features-stats.svg]
[htmlstream.com/unify/assets/svg/design-system/snippets-features-step.svg]
[htmlstream.com/unify/assets/svg/design-system/snippets-features-navs.svg]
[htmlstream.com/unify/assets/svg/design-system/snippets-icon-blocks.svg]
[htmlstream.com/unify/assets/svg/design-system/snippets-cards-grid.svg]
[htmlstream.com/unify/assets/svg/design-system/snippets-cards-list.svg]
[htmlstream.com/unify/assets/svg/design-system/snippets-testimonials.svg]
[htmlstream.com/unify/assets/svg/design-system/snippets-pricing.svg]
[htmlstream.com/unify/assets/svg/design-system/snippets-team-sections.svg]
[htmlstream.com/unify/assets/svg/design-system/snippets-cta.svg]
[htmlstream.com/unify/assets/svg/design-system/snippets-gallery.svg]
[htmlstream.com/unify/assets/svg/design-system/snippets-clients.svg]
[htmlstream.com/unify/assets/svg/design-system/snippets-faq.svg]
[htmlstream.com/unify/assets/svg/design-system/snippets-comments.svg]
[htmlstream.com/unify/assets/svg/design-system/snippets-user-profile.svg]
[htmlstream.com/unify/assets/svg/design-system/snippets-sidebar-examples.svg]
[htmlstream.com/unify/assets/svg/design-system/snippets-content-sections.svg]
[htmlstream.com/unify/assets/svg/design-system/snippets-form-layouts-authentication.svg]
[htmlstream.com/unify/assets/svg/design-system/snippets-form-layouts-feedback.svg]
[htmlstream.com/unify/assets/svg/design-system/snippets-form-layouts-filters.svg]
[htmlstream.com/unify/assets/svg/design-system/snippets-form-layouts-search.svg]
[htmlstream.com/unify/assets/svg/design-system/snippets-form-layouts-subscribe.svg]
[htmlstream.com/unify/assets/svg/design-system/snippets-contact-sections.svg]
[htmlstream.com/unify/assets/svg/design-system/snippets-footer.svg]
[htmlstream.com/unify/assets/svg/components/card-12.svg]
[htmlstream.com/unify/snippets/navbar-with-topbar.html]
[htmlstream.com/unify/assets/svg/illustrations/oc-megaphone.svg]
[htmlstream.com/unify/assets/svg/components/placeholder-lg.svg]
[htmlstream.com/unify/assets/vendor/flag-icon-css/flags/1x1/gb.svg]
[htmlstream.com/unify/assets/svg/components/popover-top.svg]
[htmlstream.com/unify/assets/svg/components/popover-left.svg]
[htmlstream.com/unify/assets/svg/components/popover-bottom.svg]
[htmlstream.com/unify/assets/svg/components/popover-right.svg]
[htmlstream.com/unify/snippets/navbar-default.html]
[htmlstream.com/unify/snippets/navbar-bs-only-dropdowns.html]
[htmlstream.com/unify/snippets/navbar-transparent.html]
[htmlstream.com/unify/snippets/navbar-light.html]
[htmlstream.com/unify/snippets/navbar-absolute-top.html]
[htmlstream.com/unify/snippets/navbar-absolute-top-light.html]
[htmlstream.com/unify/snippets/navbar-absolute-top-slide.html]
[htmlstream.com/unify/snippets/navbar-absolute-top-light-slide.html]
[htmlstream.com/unify/snippets/navbar-sticky-top.html]
[htmlstream.com/unify/snippets/navbar-sticky-top-light.html]
[htmlstream.com/unify/snippets/navbar-sticky-top-toggle.html]
[htmlstream.com/unify/snippets/navbar-sticky-top-light-toggle.html]
[htmlstream.com/unify/snippets/navbar-left-aligned.html]
[htmlstream.com/unify/snippets/navbar-right-aligned.html]
[htmlstream.com/unify/snippets/navbar-on-hover.html]
[htmlstream.com/unify/snippets/navbar-on-click.html]
[htmlstream.com/unify/snippets/hero-landing-corporate.html]
[htmlstream.com/unify/snippets/hero-landing-business.html]
[htmlstream.com/unify/snippets/hero-landing-consulting.html]
[htmlstream.com/unify/snippets/hero-landing-saas.html]
[htmlstream.com/unify/snippets/hero-landing-services.html]
[htmlstream.com/unify/snippets/hero-page-about.html]
[htmlstream.com/unify/snippets/hero-page-customer-story.html]
[htmlstream.com/unify/snippets/hero-page-help-center.html]
[htmlstream.com/unify/snippets/hero-page-careers.html]
[htmlstream.com/unify/snippets/hero-page-hire-us.html]
[htmlstream.com/unify/snippets/hero-page-coming-soon.html]
[htmlstream.com/unify/snippets/hero-portfolio-modern.html]
[htmlstream.com/unify/snippets/hero-portfolio-case-study.html]
[htmlstream.com/unify/snippets/hero-blog-modern.html]
[htmlstream.com/unify/snippets/hero-blog-article.html]
